­ƒöî Conectando a: mongodb://localhost:27017/essence_local
Ô£à Conectado a MongoDB
­ƒöä Intentando iniciar sesi├│n...
Ô£à Sesi├│n iniciada
­ƒöä Intentando iniciar transacci├│n...
Ô£à Transacci├│n iniciada satisfactoriamente
Ô£à Transacci├│n abortada correctamente
­ƒöÜ Sesi├│n finalizada
­ƒöî Desconectado
